<!DOCTYPE html PUBLIC "-//W3C//DTD XHTML 1.0 Strict//EN" "http://www.w3.org/TR/xhtml1/DTD/xhtml1-strict.dtd"><html><head>

    <title>Test HTML File</title>

    <meta http-equiv="Content-Type" content="text/html;charset=utf-8">

    <link rel="stylesheet" href="www-brainjar-com-java-host-test-html_files/css-style.css">
    <link rel="stylesheet" href="http://ajax.googleapis.com/ajax/libs/jqueryui/1.8.2/themes/smoothness/jquery-ui.css">

  </head>

  <body>
    <img src="www-brainjar-com-java-host-test-html_files/images-img_bg_1_gradient.jpg">
    <img src="www-brainjar-com-java-host-test-html_files/images-img_bg_2_gradient.jpg">
    <img src="www-brainjar-com-java-host-test-html_files/images-img_bg_3_gradient.jpg">
    <img src="http://ajax.googleapis.com/ajax/libs/jqueryui/1.8.2/themes/smoothness/jquery-ui.css">


    <p>This is a very simple HTML file.</p>


    <script src="www-brainjar-com-java-host-test-html_files/js-main.js"></script>
    <script src="www-brainjar-com-java-host-test-html_files/js-lala-gaga-main2.js"></script>
    <script src="http://ajax.googleapis.com/ajax/libs/jqueryui/1.8.2/themes/smoothness/jquery-ui.css"></script>
  



</body></html>
